<?xml version="1.0" encoding="UTF-8"?>
<Metadata>
  <Version>32</Version>
  <Name>fred</Name>
  <UseISDCFName>1</UseISDCFName>
  <DCPContentType>SHR</DCPContentType>
  <Container>185</Container>
  <Resolution>2K</Resolution>
  <J2KBandwidth>200000000</J2KBandwidth>
  <ISDCFMetadata>
    <ContentVersion>1</ContentVersion>
    <AudioLanguage></AudioLanguage>
    <SubtitleLanguage></SubtitleLanguage>
    <Territory></Territory>
    <Rating></Rating>
    <Studio></Studio>
    <Facility></Facility>
    <PackageType></PackageType>
    <TempVersion>0</TempVersion>
    <PreRelease>0</PreRelease>
    <RedBand>0</RedBand>
    <Chain></Chain>
    <TwoDVersionOfThreeD>0</TwoDVersionOfThreeD>
    <MasteredLuminance></MasteredLuminance>
  </ISDCFMetadata>
  <VideoFrameRate>24</VideoFrameRate>
  <ISDCFDate>20130211</ISDCFDate>
  <AudioChannels>6</AudioChannels>
  <ThreeD>0</ThreeD>
  <SequenceVideo>1</SequenceVideo>
  <Interop>0</Interop>
  <BurnSubtitles>0</BurnSubtitles>
  <Signed>1</Signed>
  <Encrypted>0</Encrypted>
  <Key>1366d4b823d07f5b7e6baa80d6715810</Key>
  <Playlist/>
</Metadata>
